// Jest Snapshot v1, https://goo.gl/fbAQLP

exports[`Test for DisplayData 1`] = `
<p
  className="wait-text"
>
  Loading...
</p>
`;
